---
source: apollo-router/src/plugins/connectors/supergraph.rs
expression: inner.serialize().to_string()
---
schema @link(url: "https://specs.apollo.dev/link/v1.0") @link(url: "https://specs.apollo.dev/join/v0.3", for: EXECUTION) {
  query: Query
  mutation: Mutation
}

directive @join__directive(graphs: [join__Graph!], name: String!, args: join__DirectiveArguments) repeatable on SCHEMA | OBJECT | INTERFACE | UNION | ENUM | INPUT_OBJECT | SCALAR | FIELD_DEFINITION | INPUT_FIELD_DEFINITION

directive @join__enumValue(graph: join__Graph!) repeatable on ENUM_VALUE

directive @join__field(graph: join__Graph, requires: join__FieldSet, provides: join__FieldSet, type: String, external: Boolean, override: String, usedOverridden: Boolean) repeatable on FIELD_DEFINITION | INPUT_FIELD_DEFINITION

directive @join__graph(name: String!, url: String!) on ENUM_VALUE

directive @join__implements(graph: join__Graph!, interface: String!) repeatable on OBJECT | INTERFACE

directive @join__type(graph: join__Graph!, key: join__FieldSet, extension: Boolean! = false, resolvable: Boolean! = true, isInterfaceObject: Boolean! = false) repeatable on OBJECT | INTERFACE | UNION | ENUM | INPUT_OBJECT | SCALAR

directive @join__unionMember(graph: join__Graph!, member: String!) repeatable on UNION

directive @link(url: String, as: String, for: link__Purpose, import: [link__Import]) repeatable on SCHEMA

scalar join__DirectiveArguments

scalar join__FieldSet

scalar link__Import

enum link__Purpose {
  """
  `SECURITY` features provide metadata necessary to securely resolve fields.
  """
  SECURITY
  """
  `EXECUTION` features provide metadata necessary for operation execution.
  """
  EXECUTION
}

type EntityAcrossBoth @join__type(graph: CONNECTOR_ENTITYACROSSBOTH_0, key: "a b") @join__type(graph: CONNECTOR_ENTITYACROSSBOTH_E_0, key: "a b") {
  d: String @join__field(graph: CONNECTOR_ENTITYACROSSBOTH_0)
  a: ID @join__field(graph: CONNECTOR_ENTITYACROSSBOTH_0) @join__field(graph: CONNECTOR_ENTITYACROSSBOTH_E_0)
  b: ID @join__field(graph: CONNECTOR_ENTITYACROSSBOTH_0) @join__field(graph: CONNECTOR_ENTITYACROSSBOTH_E_0)
  e: String @join__field(graph: CONNECTOR_ENTITYACROSSBOTH_E_0)
}

scalar _Any @specifiedBy(url: "https://whatever") @join__type(graph: CONNECTOR_ENTITYACROSSBOTH_0) @join__type(graph: CONNECTOR_ENTITYACROSSBOTH_E_0) @join__type(graph: CONNECTOR_ENTITYINTERFACE_1) @join__type(graph: CONNECTOR_HELLO_2) @join__type(graph: CONNECTOR_HELLO_WORLD_1) @join__type(graph: CONNECTOR_TESTINGINTERFACEOBJECT_3) @join__type(graph: CONNECTOR_TESTINGINTERFACEOBJECT_D_9) @join__type(graph: CONNECTOR_TESTINTERNALDEPENDENCY_C_10) @join__type(graph: CONNECTOR_TESTREQUIRES_SHIPPINGCOST_11)

type Query @join__type(graph: CONNECTOR_ENTITYACROSSBOTH_0) @join__type(graph: CONNECTOR_ENTITYACROSSBOTH_E_0) @join__type(graph: CONNECTOR_ENTITYINTERFACE_1) @join__type(graph: CONNECTOR_HELLO_2) @join__type(graph: CONNECTOR_HELLO_WORLD_1) @join__type(graph: CONNECTOR_QUERY_HELLOWITHHEADERS_4) @join__type(graph: CONNECTOR_QUERY_HELLO_3) @join__type(graph: CONNECTOR_QUERY_INTERFACES_6) @join__type(graph: CONNECTOR_QUERY_INTERNAL_DEPENDENCIES_8) @join__type(graph: CONNECTOR_QUERY_UNIONS_7) @join__type(graph: CONNECTOR_QUERY_WITHARGUMENTS_5) @join__type(graph: CONNECTOR_TESTINGINTERFACEOBJECT_3) @join__type(graph: CONNECTOR_TESTINGINTERFACEOBJECT_D_9) @join__type(graph: CONNECTOR_TESTINTERNALDEPENDENCY_C_10) @join__type(graph: CONNECTOR_TESTREQUIRES_SHIPPINGCOST_11) {
  _EntityAcrossBoth_finder(representations: [_Any!]!): [EntityAcrossBoth!]! @join__field(graph: CONNECTOR_ENTITYACROSSBOTH_0) @join__field(graph: CONNECTOR_ENTITYACROSSBOTH_E_0)
  _EntityInterface_finder(representations: [_Any!]!): [EntityInterface!]! @join__field(graph: CONNECTOR_ENTITYINTERFACE_1)
  _Hello_finder(representations: [_Any!]!): [Hello!]! @join__field(graph: CONNECTOR_HELLO_2) @join__field(graph: CONNECTOR_HELLO_WORLD_1)
  helloWithHeaders: Hello @join__field(graph: CONNECTOR_QUERY_HELLOWITHHEADERS_4)
  hello: Hello @join__field(graph: CONNECTOR_QUERY_HELLO_3)
  interfaces: [TestingInterface] @join__field(graph: CONNECTOR_QUERY_INTERFACES_6)
  internal_dependencies: TestInternalDependency @join__field(graph: CONNECTOR_QUERY_INTERNAL_DEPENDENCIES_8)
  unions: [TestingUnion] @join__field(graph: CONNECTOR_QUERY_UNIONS_7)
  withArguments(value: String, done: Boolean, enum: InputEnum): String @join__field(graph: CONNECTOR_QUERY_WITHARGUMENTS_5)
  _TestingInterfaceObject_finder(representations: [_Any!]!): [TestingInterfaceObject!]! @join__field(graph: CONNECTOR_TESTINGINTERFACEOBJECT_3) @join__field(graph: CONNECTOR_TESTINGINTERFACEOBJECT_D_9)
  _TestInternalDependency_finder(representations: [_Any!]!): [TestInternalDependency!]! @join__field(graph: CONNECTOR_TESTINTERNALDEPENDENCY_C_10)
  _TestRequires_finder(representations: [_Any!]!): [TestRequires!]! @join__field(graph: CONNECTOR_TESTREQUIRES_SHIPPINGCOST_11)
}

interface EntityInterface @join__type(graph: CONNECTOR_ENTITYINTERFACE_1, key: "id") {
  id: ID! @join__field(graph: CONNECTOR_ENTITYINTERFACE_1)
}

type EIa implements EntityInterface @join__implements(graph: CONNECTOR_ENTITYINTERFACE_1, interface: "EntityInterface") @join__type(graph: CONNECTOR_ENTITYINTERFACE_1, key: "id") {
  id: ID! @join__field(graph: CONNECTOR_ENTITYINTERFACE_1)
  a: String @join__field(graph: CONNECTOR_ENTITYINTERFACE_1)
}

type EIb implements EntityInterface @join__implements(graph: CONNECTOR_ENTITYINTERFACE_1, interface: "EntityInterface") @join__type(graph: CONNECTOR_ENTITYINTERFACE_1, key: "id") {
  id: ID! @join__field(graph: CONNECTOR_ENTITYINTERFACE_1)
  b: String @join__field(graph: CONNECTOR_ENTITYINTERFACE_1)
}

type Hello @join__type(graph: CONNECTOR_HELLO_2, key: "id") @join__type(graph: CONNECTOR_HELLO_WORLD_1, key: "id") @join__type(graph: CONNECTOR_QUERY_HELLOWITHHEADERS_4) @join__type(graph: CONNECTOR_QUERY_HELLO_3) {
  id: ID! @join__field(graph: CONNECTOR_HELLO_2) @join__field(graph: CONNECTOR_HELLO_WORLD_1) @join__field(graph: CONNECTOR_QUERY_HELLOWITHHEADERS_4) @join__field(graph: CONNECTOR_QUERY_HELLO_3)
  field: String @join__field(graph: CONNECTOR_HELLO_2)
  enum: OutputEnum @join__field(graph: CONNECTOR_HELLO_2)
  world: World @join__field(graph: CONNECTOR_HELLO_WORLD_1)
}

enum OutputEnum @join__type(graph: CONNECTOR_HELLO_2) {
  A @join__enumValue(graph: CONNECTOR_HELLO_2)
  B @join__enumValue(graph: CONNECTOR_HELLO_2)
  C @join__enumValue(graph: CONNECTOR_HELLO_2)
}

type World @join__type(graph: CONNECTOR_HELLO_WORLD_1) {
  field: String @join__field(graph: CONNECTOR_HELLO_WORLD_1)
  nested: Nested @join__field(graph: CONNECTOR_HELLO_WORLD_1)
}

type Nested @join__type(graph: CONNECTOR_HELLO_WORLD_1) {
  field: String @join__field(graph: CONNECTOR_HELLO_WORLD_1)
}

type Mutation @join__type(graph: CONNECTOR_MUTATION_MUTATION_2) {
  mutation(input: MutationInput): MutationOutput @join__field(graph: CONNECTOR_MUTATION_MUTATION_2)
}

type MutationOutput @join__type(graph: CONNECTOR_MUTATION_MUTATION_2) {
  success: Boolean @join__field(graph: CONNECTOR_MUTATION_MUTATION_2)
}

input MutationInput @join__type(graph: CONNECTOR_MUTATION_MUTATION_2) {
  nums: [Int!] @join__field(graph: CONNECTOR_MUTATION_MUTATION_2)
  values: [MutationNestedInput!] @join__field(graph: CONNECTOR_MUTATION_MUTATION_2)
}

input MutationNestedInput @join__type(graph: CONNECTOR_MUTATION_MUTATION_2) {
  num: Int @join__field(graph: CONNECTOR_MUTATION_MUTATION_2)
}

interface TestingInterface @join__type(graph: CONNECTOR_QUERY_INTERFACES_6) {
  id: ID! @join__field(graph: CONNECTOR_QUERY_INTERFACES_6)
  nested: NestedInterface @join__field(graph: CONNECTOR_QUERY_INTERFACES_6)
}

type Ia implements TestingInterface @join__implements(graph: CONNECTOR_QUERY_INTERFACES_6, interface: "TestingInterface") @join__type(graph: CONNECTOR_QUERY_INTERFACES_6) {
  id: ID! @join__field(graph: CONNECTOR_QUERY_INTERFACES_6)
  a: String @join__field(graph: CONNECTOR_QUERY_INTERFACES_6)
  nested: NestedInterface @join__field(graph: CONNECTOR_QUERY_INTERFACES_6)
}

type Ib implements TestingInterface @join__implements(graph: CONNECTOR_QUERY_INTERFACES_6, interface: "TestingInterface") @join__type(graph: CONNECTOR_QUERY_INTERFACES_6) {
  id: ID! @join__field(graph: CONNECTOR_QUERY_INTERFACES_6)
  b: String @join__field(graph: CONNECTOR_QUERY_INTERFACES_6)
  nested: NestedInterface @join__field(graph: CONNECTOR_QUERY_INTERFACES_6)
}

interface NestedInterface @join__type(graph: CONNECTOR_QUERY_INTERFACES_6) {
  id: ID! @join__field(graph: CONNECTOR_QUERY_INTERFACES_6)
}

type NIa implements NestedInterface @join__implements(graph: CONNECTOR_QUERY_INTERFACES_6, interface: "NestedInterface") @join__type(graph: CONNECTOR_QUERY_INTERFACES_6) {
  id: ID! @join__field(graph: CONNECTOR_QUERY_INTERFACES_6)
  a: String @join__field(graph: CONNECTOR_QUERY_INTERFACES_6)
}

type NIb implements NestedInterface @join__implements(graph: CONNECTOR_QUERY_INTERFACES_6, interface: "NestedInterface") @join__type(graph: CONNECTOR_QUERY_INTERFACES_6) {
  id: ID! @join__field(graph: CONNECTOR_QUERY_INTERFACES_6)
  b: String @join__field(graph: CONNECTOR_QUERY_INTERFACES_6)
}

type TestInternalDependency @join__type(graph: CONNECTOR_QUERY_INTERNAL_DEPENDENCIES_8) @join__type(graph: CONNECTOR_TESTINTERNALDEPENDENCY_C_10, key: "a b") {
  a: Int @join__field(graph: CONNECTOR_QUERY_INTERNAL_DEPENDENCIES_8) @join__field(graph: CONNECTOR_TESTINTERNALDEPENDENCY_C_10)
  b: Int @join__field(graph: CONNECTOR_QUERY_INTERNAL_DEPENDENCIES_8) @join__field(graph: CONNECTOR_TESTINTERNALDEPENDENCY_C_10)
  c: Int @join__field(graph: CONNECTOR_TESTINTERNALDEPENDENCY_C_10)
}

union TestingUnion @join__type(graph: CONNECTOR_QUERY_UNIONS_7) @join__unionMember(graph: CONNECTOR_QUERY_UNIONS_7, member: "UnionA") @join__unionMember(graph: CONNECTOR_QUERY_UNIONS_7, member: "UnionB") = UnionA | UnionB

type UnionA @join__type(graph: CONNECTOR_QUERY_UNIONS_7) {
  z: String @join__field(graph: CONNECTOR_QUERY_UNIONS_7)
  nested: NestedUnion @join__field(graph: CONNECTOR_QUERY_UNIONS_7)
}

type UnionB @join__type(graph: CONNECTOR_QUERY_UNIONS_7) {
  y: String @join__field(graph: CONNECTOR_QUERY_UNIONS_7)
}

union NestedUnion @join__type(graph: CONNECTOR_QUERY_UNIONS_7) @join__unionMember(graph: CONNECTOR_QUERY_UNIONS_7, member: "NestedUnionC") @join__unionMember(graph: CONNECTOR_QUERY_UNIONS_7, member: "NestedUnionD") = NestedUnionC | NestedUnionD

type NestedUnionC @join__type(graph: CONNECTOR_QUERY_UNIONS_7) {
  x: String @join__field(graph: CONNECTOR_QUERY_UNIONS_7)
}

type NestedUnionD @join__type(graph: CONNECTOR_QUERY_UNIONS_7) {
  w: String @join__field(graph: CONNECTOR_QUERY_UNIONS_7)
}

enum InputEnum @join__type(graph: CONNECTOR_QUERY_WITHARGUMENTS_5) {
  Y @join__enumValue(graph: CONNECTOR_QUERY_WITHARGUMENTS_5)
  Z @join__enumValue(graph: CONNECTOR_QUERY_WITHARGUMENTS_5)
}

interface TestingInterfaceObject @join__type(graph: CONNECTOR_TESTINGINTERFACEOBJECT_3, key: "id", isInterfaceObject: true) @join__type(graph: CONNECTOR_TESTINGINTERFACEOBJECT_D_9, key: "id", isInterfaceObject: true) {
  c: String @join__field(graph: CONNECTOR_TESTINGINTERFACEOBJECT_3)
  id: ID! @join__field(graph: CONNECTOR_TESTINGINTERFACEOBJECT_3) @join__field(graph: CONNECTOR_TESTINGINTERFACEOBJECT_D_9)
  d: String @join__field(graph: CONNECTOR_TESTINGINTERFACEOBJECT_D_9)
}

type TestRequires @join__type(graph: CONNECTOR_TESTREQUIRES_SHIPPINGCOST_11, key: "weight") {
  shippingCost: Int @join__field(graph: CONNECTOR_TESTREQUIRES_SHIPPINGCOST_11)
  weight: Int @join__field(graph: CONNECTOR_TESTREQUIRES_SHIPPINGCOST_11)
}

enum join__Graph {
  CONNECTOR_ENTITYACROSSBOTH_0 @join__graph(name: "CONNECTOR_ENTITYACROSSBOTH_0", url: "http://unused")
  CONNECTOR_ENTITYACROSSBOTH_E_0 @join__graph(name: "CONNECTOR_ENTITYACROSSBOTH_E_0", url: "http://unused")
  CONNECTOR_ENTITYINTERFACE_1 @join__graph(name: "CONNECTOR_ENTITYINTERFACE_1", url: "http://unused")
  CONNECTOR_HELLO_2 @join__graph(name: "CONNECTOR_HELLO_2", url: "http://unused")
  CONNECTOR_HELLO_WORLD_1 @join__graph(name: "CONNECTOR_HELLO_WORLD_1", url: "http://unused")
  CONNECTOR_MUTATION_MUTATION_2 @join__graph(name: "CONNECTOR_MUTATION_MUTATION_2", url: "http://unused")
  CONNECTOR_QUERY_HELLOWITHHEADERS_4 @join__graph(name: "CONNECTOR_QUERY_HELLOWITHHEADERS_4", url: "http://unused")
  CONNECTOR_QUERY_HELLO_3 @join__graph(name: "CONNECTOR_QUERY_HELLO_3", url: "http://unused")
  CONNECTOR_QUERY_INTERFACES_6 @join__graph(name: "CONNECTOR_QUERY_INTERFACES_6", url: "http://unused")
  CONNECTOR_QUERY_INTERNAL_DEPENDENCIES_8 @join__graph(name: "CONNECTOR_QUERY_INTERNAL_DEPENDENCIES_8", url: "http://unused")
  CONNECTOR_QUERY_UNIONS_7 @join__graph(name: "CONNECTOR_QUERY_UNIONS_7", url: "http://unused")
  CONNECTOR_QUERY_WITHARGUMENTS_5 @join__graph(name: "CONNECTOR_QUERY_WITHARGUMENTS_5", url: "http://unused")
  CONNECTOR_TESTINGINTERFACEOBJECT_3 @join__graph(name: "CONNECTOR_TESTINGINTERFACEOBJECT_3", url: "http://unused")
  CONNECTOR_TESTINGINTERFACEOBJECT_D_9 @join__graph(name: "CONNECTOR_TESTINGINTERFACEOBJECT_D_9", url: "http://unused")
  CONNECTOR_TESTINTERNALDEPENDENCY_C_10 @join__graph(name: "CONNECTOR_TESTINTERNALDEPENDENCY_C_10", url: "http://unused")
  CONNECTOR_TESTREQUIRES_SHIPPINGCOST_11 @join__graph(name: "CONNECTOR_TESTREQUIRES_SHIPPINGCOST_11", url: "http://unused")
}

